
> myportfolio@0.0.0 build
> vite build

[36mvite v7.3.1 [32mbuilding client environment for production...[36m[39m
transforming...
[32mΓ£ô[39m 927 modules transformed.
node.exe : [31mΓ£ù[39m Build failed in 3.80s
At line:1 char:1
+ & "E:\node.js-sdk/node.exe" "E:\node.js-sdk/node_modules/npm/bin/npm- ...
+ ~~~~~~~~~~~~~~~~~~~~~~~~~~~~~~~~~~~~~~~~~~~~~~~~~~~~~~~~~~~~~~~~~~~~~
    + CategoryInfo          : NotSpecified: ([31mΓ£ù[39m Build failed in 3.80s:String) [], R 
   emoteException
    + FullyQualifiedErrorId : NativeCommandError
 
[31merror during build:
[31msrc/components/About/Techstack.jsx (6:2): "SiCsharp" is not exported by 
"node_modules/react-icons/si/index.mjs", imported by "src/components/About/Techstack.jsx".[31m
file: [36mD:/Atika-Portfolio/myPortfolio/src/components/About/Techstack.jsx:6:2[31m
[33m
4:   SiNextdotjs,
5:   SiDotnet,
6:   SiCsharp,
     ^
7:   SiFlutter,
8:   SiDart,
[31m
    at getRollupError 
(file:///D:/Atika-Portfolio/myPortfolio/node_modules/rollup/dist/es/shared/parseAst.js:402:41)
    at error 
(file:///D:/Atika-Portfolio/myPortfolio/node_modules/rollup/dist/es/shared/parseAst.js:398:42)
    at Module.error (file:///D:/Atika-Portfolio/myPortfolio/node_modules/rollup/dist/es/shared/
node-entry.js:17040:16)
    at Module.traceVariable (file:///D:/Atika-Portfolio/myPortfolio/node_modules/rollup/dist/es
/shared/node-entry.js:17452:29)
    at ModuleScope.findVariable (file:///D:/Atika-Portfolio/myPortfolio/node_modules/rollup/dis
t/es/shared/node-entry.js:15070:39)
    at FunctionScope.findVariable (file:///D:/Atika-Portfolio/myPortfolio/node_modules/rollup/d
ist/es/shared/node-entry.js:5673:38)
    at FunctionBodyScope.findVariable (file:///D:/Atika-Portfolio/myPortfolio/node_modules/roll
up/dist/es/shared/node-entry.js:5673:38)
    at Identifier.bind (file:///D:/Atika-Portfolio/myPortfolio/node_modules/rollup/dist/es/shar
ed/node-entry.js:5447:40)
    at CallExpression.bind (file:///D:/Atika-Portfolio/myPortfolio/node_modules/rollup/dist/es/
shared/node-entry.js:2825:28)
    at CallExpression.bind (file:///D:/Atika-Portfolio/myPortfolio/node_modules/rollup/dist/es/
shared/node-entry.js:12179:15)[39m
